// Vitest Snapshot v1, https://vitest.dev/guide/snapshot.html

exports[`video services test suite >  should succeed 1`] = `
{
  "response": {},
}
`;

exports[`video services test suite > should fail and return an error 1`] = `[Error: error]`;

exports[`video services test suite > should succeed 1`] = `
{
  "response": {},
}
`;
